[debug] [2026-09-24T11:16:05.798Z] [Firebase Plugin] Activating Firebase extension.
[debug] [2026-09-24T11:16:43.858Z] [Firebase Plugin] requireAuthWrapper
[debug] [2026-09-24T11:16:43.864Z] > command requires scopes: ["email","openid","https://www.googleapis.com/auth/cloudplatformprojects.readonly","https://www.googleapis.com/auth/firebase","https://www.googleapis.com/auth/cloud-platform"]
[debug] [2026-09-24T11:16:43.866Z] > authorizing via signed-in user (mutiakrisiajade@gmail.com)
[debug] [2026-09-24T11:16:43.881Z] Checked if tokens are valid: false, expires at: 1790233713891
[debug] [2026-09-24T11:16:43.882Z] Checked if tokens are valid: false, expires at: 1790233713891
[debug] [2026-09-24T11:16:43.883Z] > refreshing access token with scopes: []
[debug] [2026-09-24T11:16:43.891Z] >>> [apiv2][query] POST https://www.googleapis.com/oauth2/v3/token [none]
[debug] [2026-09-24T11:16:43.893Z] >>> [apiv2][body] POST https://www.googleapis.com/oauth2/v3/token [omitted]
[debug] [2026-09-24T11:16:43.917Z] [Firebase Plugin] VSCode notification server listening on port 40001
[info] [Firebase Plugin] Starting SQL Connect toolkit (version 3.4.16) on port 50001
[debug] [2026-09-24T11:16:45.230Z] 'fdc build' failed with error: Unable to build your SQL Connect schema and connectors (exit code 1): E0924 19:16:45.197432    1788 cmd.go:43] Error loading data connect config: could not find dataconnect.yaml in `c:\Users\DICT\Documents\ALAGA - prototype\dataconnect`
 {"metadata":{"emulator":{"name":"dataconnect"},"message":"'fdc build' failed with error: Unable to build your SQL Connect schema and connectors (exit code 1): E0924 19:16:45.197432    1788 cmd.go:43] Error loading data connect config: could not find dataconnect.yaml in `c:\\Users\\DICT\\Documents\\ALAGA - prototype\\dataconnect`\n"}}
[debug] [2026-09-24T11:16:45.232Z] Ignoring unsupported arg: auto_download {"metadata":{"emulator":{"name":"dataconnect"},"message":"Ignoring unsupported arg: auto_download"}}
[debug] [2026-09-24T11:16:45.232Z] Ignoring unsupported arg: port {"metadata":{"emulator":{"name":"dataconnect"},"message":"Ignoring unsupported arg: port"}}
[debug] [2026-09-24T11:16:45.233Z] Starting SQL Connect Emulator with command {"binary":"C:\\Users\\DICT\\.cache\\firebase\\emulators\\dataconnect-emulator-3.4.16.exe","args":["--logtostderr","-v=2","dev","--listen=localhost:50001","--config_dir=c:\\Users\\DICT\\Documents\\ALAGA - prototype\\dataconnect","--enable_output_schema_extensions=true","--enable_output_generated_sdk=true"],"optionalArgs":["listen","config_dir","enable_output_schema_extensions","enable_output_generated_sdk"],"joinArgs":true,"shell":false,"port":9399} {"metadata":{"emulator":{"name":"dataconnect"},"message":"Starting SQL Connect Emulator with command {\"binary\":\"C:\\\\Users\\\\DICT\\\\.cache\\\\firebase\\\\emulators\\\\dataconnect-emulator-3.4.16.exe\",\"args\":[\"--logtostderr\",\"-v=2\",\"dev\",\"--listen=localhost:50001\",\"--config_dir=c:\\\\Users\\\\DICT\\\\Documents\\\\ALAGA - prototype\\\\dataconnect\",\"--enable_output_schema_extensions=true\",\"--enable_output_generated_sdk=true\"],\"optionalArgs\":[\"listen\",\"config_dir\",\"enable_output_schema_extensions\",\"enable_output_generated_sdk\"],\"joinArgs\":true,\"shell\":false,\"port\":9399}"}}
[info] i  dataconnect: SQL Connect Emulator logging to dataconnect-debug.log {"metadata":{"emulator":{"name":"dataconnect"},"message":"SQL Connect Emulator logging to \u001b[1mdataconnect-debug.log\u001b[22m"}}
[debug] [2026-09-24T11:16:45.347Z] E0924 19:16:45.306490   20776 dev.go:80] Failed to load initial config from "c:\\Users\\DICT\\Documents\\ALAGA - prototype\\dataconnect": could not find dataconnect.yaml in `c:\Users\DICT\Documents\ALAGA - prototype\dataconnect`
 {"metadata":{"emulator":{"name":"dataconnect"},"message":"E0924 19:16:45.306490   20776 dev.go:80] Failed to load initial config from \"c:\\\\Users\\\\DICT\\\\Documents\\\\ALAGA - prototype\\\\dataconnect\": could not find dataconnect.yaml in `c:\\Users\\DICT\\Documents\\ALAGA - prototype\\dataconnect`\n"}}
[debug] [2026-09-24T11:16:45.357Z] E0924 19:16:45.346423   20776 watch.go:116] watchAllDir unable to walk dir `c:\Users\DICT\Documents\ALAGA - prototype\dataconnect`: GetFileAttributesEx c:\Users\DICT\Documents\ALAGA - prototype\dataconnect: The system cannot find the file specified.
 {"metadata":{"emulator":{"name":"dataconnect"},"message":"E0924 19:16:45.346423   20776 watch.go:116] watchAllDir unable to walk dir `c:\\Users\\DICT\\Documents\\ALAGA - prototype\\dataconnect`: GetFileAttributesEx c:\\Users\\DICT\\Documents\\ALAGA - prototype\\dataconnect: The system cannot find the file specified.\n"}}
[debug] [2026-09-24T11:16:45.376Z] I0924 19:16:45.372163   20776 dev.go:101] Listening on address (HTTP + gRPC): 127.0.0.1:50001
 {"metadata":{"emulator":{"name":"dataconnect"},"message":"I0924 19:16:45.372163   20776 dev.go:101] Listening on address (HTTP + gRPC): 127.0.0.1:50001\n"}}
[debug] [2026-09-24T11:16:45.562Z] <<< [apiv2][status] POST https://www.googleapis.com/oauth2/v3/token 200
[debug] [2026-09-24T11:16:45.563Z] <<< [apiv2][body] POST https://www.googleapis.com/oauth2/v3/token [omitted]
[debug] [2026-09-24T11:16:45.615Z] [Firebase Plugin] User found:  mutiakrisiajade@gmail.com
[info] [Firebase Plugin] (Core:Project) New user detected, fetching projects
[debug] [2026-09-24T11:16:45.619Z] Checked if tokens are valid: true, expires at: 1790252204564
[debug] [2026-09-24T11:16:45.620Z] >>> [apiv2][query] GET https://firebase.googleapis.com/v1beta1/projects pageSize=1000
[error] [Firebase Plugin] error:  {}
[debug] [2026-09-24T11:16:46.447Z] <<< [apiv2][status] GET https://firebase.googleapis.com/v1beta1/projects 200
[debug] [2026-09-24T11:16:46.447Z] <<< [apiv2][body] GET https://firebase.googleapis.com/v1beta1/projects [omitted]
[debug] [2026-09-24T11:16:55.355Z] E0924 19:16:55.354277   20776 watch.go:40] Failed to load config from "c:\\Users\\DICT\\Documents\\ALAGA - prototype\\dataconnect": could not find dataconnect.yaml in `c:\Users\DICT\Documents\ALAGA - prototype\dataconnect`
 {"metadata":{"emulator":{"name":"dataconnect"},"message":"E0924 19:16:55.354277   20776 watch.go:40] Failed to load config from \"c:\\\\Users\\\\DICT\\\\Documents\\\\ALAGA - prototype\\\\dataconnect\": could not find dataconnect.yaml in `c:\\Users\\DICT\\Documents\\ALAGA - prototype\\dataconnect`\n"}}
[debug] [2026-09-24T11:17:05.355Z] E0924 19:17:05.354480   20776 watch.go:40] Failed to load config from "c:\\Users\\DICT\\Documents\\ALAGA - prototype\\dataconnect": could not find dataconnect.yaml in `c:\Users\DICT\Documents\ALAGA - prototype\dataconnect`
 {"metadata":{"emulator":{"name":"dataconnect"},"message":"E0924 19:17:05.354480   20776 watch.go:40] Failed to load config from \"c:\\\\Users\\\\DICT\\\\Documents\\\\ALAGA - prototype\\\\dataconnect\": could not find dataconnect.yaml in `c:\\Users\\DICT\\Documents\\ALAGA - prototype\\dataconnect`\n"}}
[debug] [2026-09-24T11:17:15.355Z] E0924 19:17:15.354584   20776 watch.go:40] Failed to load config from "c:\\Users\\DICT\\Documents\\ALAGA - prototype\\dataconnect": could not find dataconnect.yaml in `c:\Users\DICT\Documents\ALAGA - prototype\dataconnect`
 {"metadata":{"emulator":{"name":"dataconnect"},"message":"E0924 19:17:15.354584   20776 watch.go:40] Failed to load config from \"c:\\\\Users\\\\DICT\\\\Documents\\\\ALAGA - prototype\\\\dataconnect\": could not find dataconnect.yaml in `c:\\Users\\DICT\\Documents\\ALAGA - prototype\\dataconnect`\n"}}
[debug] [2026-09-24T11:17:25.355Z] E0924 19:17:25.355124   20776 watch.go:40] Failed to load config from "c:\\Users\\DICT\\Documents\\ALAGA - prototype\\dataconnect": could not find dataconnect.yaml in `c:\Users\DICT\Documents\ALAGA - prototype\dataconnect`
 {"metadata":{"emulator":{"name":"dataconnect"},"message":"E0924 19:17:25.355124   20776 watch.go:40] Failed to load config from \"c:\\\\Users\\\\DICT\\\\Documents\\\\ALAGA - prototype\\\\dataconnect\": could not find dataconnect.yaml in `c:\\Users\\DICT\\Documents\\ALAGA - prototype\\dataconnect`\n"}}
[debug] [2026-09-24T11:17:35.354Z] E0924 19:17:35.354606   20776 watch.go:40] Failed to load config from "c:\\Users\\DICT\\Documents\\ALAGA - prototype\\dataconnect": could not find dataconnect.yaml in `c:\Users\DICT\Documents\ALAGA - prototype\dataconnect`
 {"metadata":{"emulator":{"name":"dataconnect"},"message":"E0924 19:17:35.354606   20776 watch.go:40] Failed to load config from \"c:\\\\Users\\\\DICT\\\\Documents\\\\ALAGA - prototype\\\\dataconnect\": could not find dataconnect.yaml in `c:\\Users\\DICT\\Documents\\ALAGA - prototype\\dataconnect`\n"}}
[debug] [2026-09-24T11:17:45.354Z] E0924 19:17:45.354640   20776 watch.go:116] watchAllDir unable to walk dir `c:\Users\DICT\Documents\ALAGA - prototype\dataconnect`: GetFileAttributesEx c:\Users\DICT\Documents\ALAGA - prototype\dataconnect: The system cannot find the file specified.
E0924 19:17:45.354640   20776 watch.go:40] Failed to load config from "c:\\Users\\DICT\\Documents\\ALAGA - prototype\\dataconnect": could not find dataconnect.yaml in `c:\Users\DICT\Documents\ALAGA - prototype\dataconnect`
 {"metadata":{"emulator":{"name":"dataconnect"},"message":"E0924 19:17:45.354640   20776 watch.go:116] watchAllDir unable to walk dir `c:\\Users\\DICT\\Documents\\ALAGA - prototype\\dataconnect`: GetFileAttributesEx c:\\Users\\DICT\\Documents\\ALAGA - prototype\\dataconnect: The system cannot find the file specified.\nE0924 19:17:45.354640   20776 watch.go:40] Failed to load config from \"c:\\\\Users\\\\DICT\\\\Documents\\\\ALAGA - prototype\\\\dataconnect\": could not find dataconnect.yaml in `c:\\Users\\DICT\\Documents\\ALAGA - prototype\\dataconnect`\n"}}
[debug] [2026-09-24T11:17:55.355Z] E0924 19:17:55.354715   20776 watch.go:40] Failed to load config from "c:\\Users\\DICT\\Documents\\ALAGA - prototype\\dataconnect": could not find dataconnect.yaml in `c:\Users\DICT\Documents\ALAGA - prototype\dataconnect`
 {"metadata":{"emulator":{"name":"dataconnect"},"message":"E0924 19:17:55.354715   20776 watch.go:40] Failed to load config from \"c:\\\\Users\\\\DICT\\\\Documents\\\\ALAGA - prototype\\\\dataconnect\": could not find dataconnect.yaml in `c:\\Users\\DICT\\Documents\\ALAGA - prototype\\dataconnect`\n"}}
[debug] [2026-09-24T11:18:05.354Z] E0924 19:18:05.354305   20776 watch.go:40] Failed to load config from "c:\\Users\\DICT\\Documents\\ALAGA - prototype\\dataconnect": could not find dataconnect.yaml in `c:\Users\DICT\Documents\ALAGA - prototype\dataconnect`
 {"metadata":{"emulator":{"name":"dataconnect"},"message":"E0924 19:18:05.354305   20776 watch.go:40] Failed to load config from \"c:\\\\Users\\\\DICT\\\\Documents\\\\ALAGA - prototype\\\\dataconnect\": could not find dataconnect.yaml in `c:\\Users\\DICT\\Documents\\ALAGA - prototype\\dataconnect`\n"}}
[debug] [2026-09-24T11:18:15.354Z] E0924 19:18:15.354317   20776 watch.go:40] Failed to load config from "c:\\Users\\DICT\\Documents\\ALAGA - prototype\\dataconnect": could not find dataconnect.yaml in `c:\Users\DICT\Documents\ALAGA - prototype\dataconnect`
 {"metadata":{"emulator":{"name":"dataconnect"},"message":"E0924 19:18:15.354317   20776 watch.go:40] Failed to load config from \"c:\\\\Users\\\\DICT\\\\Documents\\\\ALAGA - prototype\\\\dataconnect\": could not find dataconnect.yaml in `c:\\Users\\DICT\\Documents\\ALAGA - prototype\\dataconnect`\n"}}
[debug] [2026-09-24T11:18:25.355Z] E0924 19:18:25.355700   20776 watch.go:40] Failed to load config from "c:\\Users\\DICT\\Documents\\ALAGA - prototype\\dataconnect": could not find dataconnect.yaml in `c:\Users\DICT\Documents\ALAGA - prototype\dataconnect`
 {"metadata":{"emulator":{"name":"dataconnect"},"message":"E0924 19:18:25.355700   20776 watch.go:40] Failed to load config from \"c:\\\\Users\\\\DICT\\\\Documents\\\\ALAGA - prototype\\\\dataconnect\": could not find dataconnect.yaml in `c:\\Users\\DICT\\Documents\\ALAGA - prototype\\dataconnect`\n"}}
[debug] [2026-09-24T11:18:35.354Z] E0924 19:18:35.354849   20776 watch.go:40] Failed to load config from "c:\\Users\\DICT\\Documents\\ALAGA - prototype\\dataconnect": could not find dataconnect.yaml in `c:\Users\DICT\Documents\ALAGA - prototype\dataconnect`
 {"metadata":{"emulator":{"name":"dataconnect"},"message":"E0924 19:18:35.354849   20776 watch.go:40] Failed to load config from \"c:\\\\Users\\\\DICT\\\\Documents\\\\ALAGA - prototype\\\\dataconnect\": could not find dataconnect.yaml in `c:\\Users\\DICT\\Documents\\ALAGA - prototype\\dataconnect`\n"}}
[debug] [2026-09-24T11:18:45.354Z] E0924 19:18:45.354544   20776 watch.go:116] watchAllDir unable to walk dir `c:\Users\DICT\Documents\ALAGA - prototype\dataconnect`: GetFileAttributesEx c:\Users\DICT\Documents\ALAGA - prototype\dataconnect: The system cannot find the file specified.
E0924 19:18:45.354544   20776 watch.go:40] Failed to load config from "c:\\Users\\DICT\\Documents\\ALAGA - prototype\\dataconnect": could not find dataconnect.yaml in `c:\Users\DICT\Documents\ALAGA - prototype\dataconnect`
 {"metadata":{"emulator":{"name":"dataconnect"},"message":"E0924 19:18:45.354544   20776 watch.go:116] watchAllDir unable to walk dir `c:\\Users\\DICT\\Documents\\ALAGA - prototype\\dataconnect`: GetFileAttributesEx c:\\Users\\DICT\\Documents\\ALAGA - prototype\\dataconnect: The system cannot find the file specified.\nE0924 19:18:45.354544   20776 watch.go:40] Failed to load config from \"c:\\\\Users\\\\DICT\\\\Documents\\\\ALAGA - prototype\\\\dataconnect\": could not find dataconnect.yaml in `c:\\Users\\DICT\\Documents\\ALAGA - prototype\\dataconnect`\n"}}
[debug] [2026-09-24T11:18:55.354Z] E0924 19:18:55.354811   20776 watch.go:40] Failed to load config from "c:\\Users\\DICT\\Documents\\ALAGA - prototype\\dataconnect": could not find dataconnect.yaml in `c:\Users\DICT\Documents\ALAGA - prototype\dataconnect`
 {"metadata":{"emulator":{"name":"dataconnect"},"message":"E0924 19:18:55.354811   20776 watch.go:40] Failed to load config from \"c:\\\\Users\\\\DICT\\\\Documents\\\\ALAGA - prototype\\\\dataconnect\": could not find dataconnect.yaml in `c:\\Users\\DICT\\Documents\\ALAGA - prototype\\dataconnect`\n"}}
[debug] [2026-09-24T11:19:05.355Z] E0924 19:19:05.355009   20776 watch.go:40] Failed to load config from "c:\\Users\\DICT\\Documents\\ALAGA - prototype\\dataconnect": could not find dataconnect.yaml in `c:\Users\DICT\Documents\ALAGA - prototype\dataconnect`
 {"metadata":{"emulator":{"name":"dataconnect"},"message":"E0924 19:19:05.355009   20776 watch.go:40] Failed to load config from \"c:\\\\Users\\\\DICT\\\\Documents\\\\ALAGA - prototype\\\\dataconnect\": could not find dataconnect.yaml in `c:\\Users\\DICT\\Documents\\ALAGA - prototype\\dataconnect`\n"}}
[debug] [2026-09-24T11:19:15.354Z] E0924 19:19:15.354433   20776 watch.go:40] Failed to load config from "c:\\Users\\DICT\\Documents\\ALAGA - prototype\\dataconnect": could not find dataconnect.yaml in `c:\Users\DICT\Documents\ALAGA - prototype\dataconnect`
 {"metadata":{"emulator":{"name":"dataconnect"},"message":"E0924 19:19:15.354433   20776 watch.go:40] Failed to load config from \"c:\\\\Users\\\\DICT\\\\Documents\\\\ALAGA - prototype\\\\dataconnect\": could not find dataconnect.yaml in `c:\\Users\\DICT\\Documents\\ALAGA - prototype\\dataconnect`\n"}}
[debug] [2026-09-24T11:19:25.354Z] E0924 19:19:25.354523   20776 watch.go:40] Failed to load config from "c:\\Users\\DICT\\Documents\\ALAGA - prototype\\dataconnect": could not find dataconnect.yaml in `c:\Users\DICT\Documents\ALAGA - prototype\dataconnect`
 {"metadata":{"emulator":{"name":"dataconnect"},"message":"E0924 19:19:25.354523   20776 watch.go:40] Failed to load config from \"c:\\\\Users\\\\DICT\\\\Documents\\\\ALAGA - prototype\\\\dataconnect\": could not find dataconnect.yaml in `c:\\Users\\DICT\\Documents\\ALAGA - prototype\\dataconnect`\n"}}
[debug] [2026-09-24T11:19:35.354Z] E0924 19:19:35.354654   20776 watch.go:40] Failed to load config from "c:\\Users\\DICT\\Documents\\ALAGA - prototype\\dataconnect": could not find dataconnect.yaml in `c:\Users\DICT\Documents\ALAGA - prototype\dataconnect`
 {"metadata":{"emulator":{"name":"dataconnect"},"message":"E0924 19:19:35.354654   20776 watch.go:40] Failed to load config from \"c:\\\\Users\\\\DICT\\\\Documents\\\\ALAGA - prototype\\\\dataconnect\": could not find dataconnect.yaml in `c:\\Users\\DICT\\Documents\\ALAGA - prototype\\dataconnect`\n"}}
[debug] [2026-09-24T11:19:45.354Z] E0924 19:19:45.354103   20776 watch.go:116] watchAllDir unable to walk dir `c:\Users\DICT\Documents\ALAGA - prototype\dataconnect`: GetFileAttributesEx c:\Users\DICT\Documents\ALAGA - prototype\dataconnect: The system cannot find the file specified.
E0924 19:19:45.354103   20776 watch.go:40] Failed to load config from "c:\\Users\\DICT\\Documents\\ALAGA - prototype\\dataconnect": could not find dataconnect.yaml in `c:\Users\DICT\Documents\ALAGA - prototype\dataconnect`
 {"metadata":{"emulator":{"name":"dataconnect"},"message":"E0924 19:19:45.354103   20776 watch.go:116] watchAllDir unable to walk dir `c:\\Users\\DICT\\Documents\\ALAGA - prototype\\dataconnect`: GetFileAttributesEx c:\\Users\\DICT\\Documents\\ALAGA - prototype\\dataconnect: The system cannot find the file specified.\nE0924 19:19:45.354103   20776 watch.go:40] Failed to load config from \"c:\\\\Users\\\\DICT\\\\Documents\\\\ALAGA - prototype\\\\dataconnect\": could not find dataconnect.yaml in `c:\\Users\\DICT\\Documents\\ALAGA - prototype\\dataconnect`\n"}}
[debug] [2026-09-24T11:19:55.355Z] E0924 19:19:55.354453   20776 watch.go:40] Failed to load config from "c:\\Users\\DICT\\Documents\\ALAGA - prototype\\dataconnect": could not find dataconnect.yaml in `c:\Users\DICT\Documents\ALAGA - prototype\dataconnect`
 {"metadata":{"emulator":{"name":"dataconnect"},"message":"E0924 19:19:55.354453   20776 watch.go:40] Failed to load config from \"c:\\\\Users\\\\DICT\\\\Documents\\\\ALAGA - prototype\\\\dataconnect\": could not find dataconnect.yaml in `c:\\Users\\DICT\\Documents\\ALAGA - prototype\\dataconnect`\n"}}
[debug] [2026-09-24T11:20:05.355Z] E0924 19:20:05.354980   20776 watch.go:40] Failed to load config from "c:\\Users\\DICT\\Documents\\ALAGA - prototype\\dataconnect": could not find dataconnect.yaml in `c:\Users\DICT\Documents\ALAGA - prototype\dataconnect`
 {"metadata":{"emulator":{"name":"dataconnect"},"message":"E0924 19:20:05.354980   20776 watch.go:40] Failed to load config from \"c:\\\\Users\\\\DICT\\\\Documents\\\\ALAGA - prototype\\\\dataconnect\": could not find dataconnect.yaml in `c:\\Users\\DICT\\Documents\\ALAGA - prototype\\dataconnect`\n"}}
[debug] [2026-09-24T11:20:15.355Z] E0924 19:20:15.354841   20776 watch.go:40] Failed to load config from "c:\\Users\\DICT\\Documents\\ALAGA - prototype\\dataconnect": could not find dataconnect.yaml in `c:\Users\DICT\Documents\ALAGA - prototype\dataconnect`
 {"metadata":{"emulator":{"name":"dataconnect"},"message":"E0924 19:20:15.354841   20776 watch.go:40] Failed to load config from \"c:\\\\Users\\\\DICT\\\\Documents\\\\ALAGA - prototype\\\\dataconnect\": could not find dataconnect.yaml in `c:\\Users\\DICT\\Documents\\ALAGA - prototype\\dataconnect`\n"}}
[debug] [2026-09-24T11:20:25.354Z] E0924 19:20:25.354473   20776 watch.go:40] Failed to load config from "c:\\Users\\DICT\\Documents\\ALAGA - prototype\\dataconnect": could not find dataconnect.yaml in `c:\Users\DICT\Documents\ALAGA - prototype\dataconnect`
 {"metadata":{"emulator":{"name":"dataconnect"},"message":"E0924 19:20:25.354473   20776 watch.go:40] Failed to load config from \"c:\\\\Users\\\\DICT\\\\Documents\\\\ALAGA - prototype\\\\dataconnect\": could not find dataconnect.yaml in `c:\\Users\\DICT\\Documents\\ALAGA - prototype\\dataconnect`\n"}}
[debug] [2026-09-24T11:20:35.355Z] E0924 19:20:35.354875   20776 watch.go:40] Failed to load config from "c:\\Users\\DICT\\Documents\\ALAGA - prototype\\dataconnect": could not find dataconnect.yaml in `c:\Users\DICT\Documents\ALAGA - prototype\dataconnect`
 {"metadata":{"emulator":{"name":"dataconnect"},"message":"E0924 19:20:35.354875   20776 watch.go:40] Failed to load config from \"c:\\\\Users\\\\DICT\\\\Documents\\\\ALAGA - prototype\\\\dataconnect\": could not find dataconnect.yaml in `c:\\Users\\DICT\\Documents\\ALAGA - prototype\\dataconnect`\n"}}
[debug] [2026-09-24T11:20:45.354Z] E0924 19:20:45.354436   20776 watch.go:116] watchAllDir unable to walk dir `c:\Users\DICT\Documents\ALAGA - prototype\dataconnect`: GetFileAttributesEx c:\Users\DICT\Documents\ALAGA - prototype\dataconnect: The system cannot find the file specified.
 {"metadata":{"emulator":{"name":"dataconnect"},"message":"E0924 19:20:45.354436   20776 watch.go:116] watchAllDir unable to walk dir `c:\\Users\\DICT\\Documents\\ALAGA - prototype\\dataconnect`: GetFileAttributesEx c:\\Users\\DICT\\Documents\\ALAGA - prototype\\dataconnect: The system cannot find the file specified.\n"}}
[debug] [2026-09-24T11:20:45.356Z] E0924 19:20:45.354436   20776 watch.go:40] Failed to load config from "c:\\Users\\DICT\\Documents\\ALAGA - prototype\\dataconnect": could not find dataconnect.yaml in `c:\Users\DICT\Documents\ALAGA - prototype\dataconnect`
 {"metadata":{"emulator":{"name":"dataconnect"},"message":"E0924 19:20:45.354436   20776 watch.go:40] Failed to load config from \"c:\\\\Users\\\\DICT\\\\Documents\\\\ALAGA - prototype\\\\dataconnect\": could not find dataconnect.yaml in `c:\\Users\\DICT\\Documents\\ALAGA - prototype\\dataconnect`\n"}}
[debug] [2026-09-24T11:20:55.354Z] E0924 19:20:55.354000   20776 watch.go:40] Failed to load config from "c:\\Users\\DICT\\Documents\\ALAGA - prototype\\dataconnect": could not find dataconnect.yaml in `c:\Users\DICT\Documents\ALAGA - prototype\dataconnect`
 {"metadata":{"emulator":{"name":"dataconnect"},"message":"E0924 19:20:55.354000   20776 watch.go:40] Failed to load config from \"c:\\\\Users\\\\DICT\\\\Documents\\\\ALAGA - prototype\\\\dataconnect\": could not find dataconnect.yaml in `c:\\Users\\DICT\\Documents\\ALAGA - prototype\\dataconnect`\n"}}
[debug] [2026-09-24T11:21:05.355Z] E0924 19:21:05.354742   20776 watch.go:40] Failed to load config from "c:\\Users\\DICT\\Documents\\ALAGA - prototype\\dataconnect": could not find dataconnect.yaml in `c:\Users\DICT\Documents\ALAGA - prototype\dataconnect`
 {"metadata":{"emulator":{"name":"dataconnect"},"message":"E0924 19:21:05.354742   20776 watch.go:40] Failed to load config from \"c:\\\\Users\\\\DICT\\\\Documents\\\\ALAGA - prototype\\\\dataconnect\": could not find dataconnect.yaml in `c:\\Users\\DICT\\Documents\\ALAGA - prototype\\dataconnect`\n"}}
[debug] [2026-09-24T11:21:15.354Z] E0924 19:21:15.354224   20776 watch.go:40] Failed to load config from "c:\\Users\\DICT\\Documents\\ALAGA - prototype\\dataconnect": could not find dataconnect.yaml in `c:\Users\DICT\Documents\ALAGA - prototype\dataconnect`
 {"metadata":{"emulator":{"name":"dataconnect"},"message":"E0924 19:21:15.354224   20776 watch.go:40] Failed to load config from \"c:\\\\Users\\\\DICT\\\\Documents\\\\ALAGA - prototype\\\\dataconnect\": could not find dataconnect.yaml in `c:\\Users\\DICT\\Documents\\ALAGA - prototype\\dataconnect`\n"}}
[debug] [2026-09-24T11:21:25.354Z] E0924 19:21:25.353774   20776 watch.go:40] Failed to load config from "c:\\Users\\DICT\\Documents\\ALAGA - prototype\\dataconnect": could not find dataconnect.yaml in `c:\Users\DICT\Documents\ALAGA - prototype\dataconnect`
 {"metadata":{"emulator":{"name":"dataconnect"},"message":"E0924 19:21:25.353774   20776 watch.go:40] Failed to load config from \"c:\\\\Users\\\\DICT\\\\Documents\\\\ALAGA - prototype\\\\dataconnect\": could not find dataconnect.yaml in `c:\\Users\\DICT\\Documents\\ALAGA - prototype\\dataconnect`\n"}}
[debug] [2026-09-24T11:21:35.355Z] E0924 19:21:35.355027   20776 watch.go:40] Failed to load config from "c:\\Users\\DICT\\Documents\\ALAGA - prototype\\dataconnect": could not find dataconnect.yaml in `c:\Users\DICT\Documents\ALAGA - prototype\dataconnect`
 {"metadata":{"emulator":{"name":"dataconnect"},"message":"E0924 19:21:35.355027   20776 watch.go:40] Failed to load config from \"c:\\\\Users\\\\DICT\\\\Documents\\\\ALAGA - prototype\\\\dataconnect\": could not find dataconnect.yaml in `c:\\Users\\DICT\\Documents\\ALAGA - prototype\\dataconnect`\n"}}
[debug] [2026-09-24T11:21:45.355Z] E0924 19:21:45.353959   20776 watch.go:116] watchAllDir unable to walk dir `c:\Users\DICT\Documents\ALAGA - prototype\dataconnect`: GetFileAttributesEx c:\Users\DICT\Documents\ALAGA - prototype\dataconnect: The system cannot find the file specified.
 {"metadata":{"emulator":{"name":"dataconnect"},"message":"E0924 19:21:45.353959   20776 watch.go:116] watchAllDir unable to walk dir `c:\\Users\\DICT\\Documents\\ALAGA - prototype\\dataconnect`: GetFileAttributesEx c:\\Users\\DICT\\Documents\\ALAGA - prototype\\dataconnect: The system cannot find the file specified.\n"}}
[debug] [2026-09-24T11:21:45.359Z] E0924 19:21:45.358631   20776 watch.go:40] Failed to load config from "c:\\Users\\DICT\\Documents\\ALAGA - prototype\\dataconnect": could not find dataconnect.yaml in `c:\Users\DICT\Documents\ALAGA - prototype\dataconnect`
 {"metadata":{"emulator":{"name":"dataconnect"},"message":"E0924 19:21:45.358631   20776 watch.go:40] Failed to load config from \"c:\\\\Users\\\\DICT\\\\Documents\\\\ALAGA - prototype\\\\dataconnect\": could not find dataconnect.yaml in `c:\\Users\\DICT\\Documents\\ALAGA - prototype\\dataconnect`\n"}}
[debug] [2026-09-24T11:21:55.355Z] E0924 19:21:55.354243   20776 watch.go:40] Failed to load config from "c:\\Users\\DICT\\Documents\\ALAGA - prototype\\dataconnect": could not find dataconnect.yaml in `c:\Users\DICT\Documents\ALAGA - prototype\dataconnect`
 {"metadata":{"emulator":{"name":"dataconnect"},"message":"E0924 19:21:55.354243   20776 watch.go:40] Failed to load config from \"c:\\\\Users\\\\DICT\\\\Documents\\\\ALAGA - prototype\\\\dataconnect\": could not find dataconnect.yaml in `c:\\Users\\DICT\\Documents\\ALAGA - prototype\\dataconnect`\n"}}
[debug] [2026-09-24T11:22:05.354Z] E0924 19:22:05.354259   20776 watch.go:40] Failed to load config from "c:\\Users\\DICT\\Documents\\ALAGA - prototype\\dataconnect": could not find dataconnect.yaml in `c:\Users\DICT\Documents\ALAGA - prototype\dataconnect`
 {"metadata":{"emulator":{"name":"dataconnect"},"message":"E0924 19:22:05.354259   20776 watch.go:40] Failed to load config from \"c:\\\\Users\\\\DICT\\\\Documents\\\\ALAGA - prototype\\\\dataconnect\": could not find dataconnect.yaml in `c:\\Users\\DICT\\Documents\\ALAGA - prototype\\dataconnect`\n"}}
[debug] [2026-09-24T11:22:15.355Z] E0924 19:22:15.354775   20776 watch.go:40] Failed to load config from "c:\\Users\\DICT\\Documents\\ALAGA - prototype\\dataconnect": could not find dataconnect.yaml in `c:\Users\DICT\Documents\ALAGA - prototype\dataconnect`
 {"metadata":{"emulator":{"name":"dataconnect"},"message":"E0924 19:22:15.354775   20776 watch.go:40] Failed to load config from \"c:\\\\Users\\\\DICT\\\\Documents\\\\ALAGA - prototype\\\\dataconnect\": could not find dataconnect.yaml in `c:\\Users\\DICT\\Documents\\ALAGA - prototype\\dataconnect`\n"}}
[debug] [2026-09-24T11:22:25.354Z] E0924 19:22:25.353934   20776 watch.go:40] Failed to load config from "c:\\Users\\DICT\\Documents\\ALAGA - prototype\\dataconnect": could not find dataconnect.yaml in `c:\Users\DICT\Documents\ALAGA - prototype\dataconnect`
 {"metadata":{"emulator":{"name":"dataconnect"},"message":"E0924 19:22:25.353934   20776 watch.go:40] Failed to load config from \"c:\\\\Users\\\\DICT\\\\Documents\\\\ALAGA - prototype\\\\dataconnect\": could not find dataconnect.yaml in `c:\\Users\\DICT\\Documents\\ALAGA - prototype\\dataconnect`\n"}}
[debug] [2026-09-24T11:22:35.355Z] E0924 19:22:35.354808   20776 watch.go:40] Failed to load config from "c:\\Users\\DICT\\Documents\\ALAGA - prototype\\dataconnect": could not find dataconnect.yaml in `c:\Users\DICT\Documents\ALAGA - prototype\dataconnect`
 {"metadata":{"emulator":{"name":"dataconnect"},"message":"E0924 19:22:35.354808   20776 watch.go:40] Failed to load config from \"c:\\\\Users\\\\DICT\\\\Documents\\\\ALAGA - prototype\\\\dataconnect\": could not find dataconnect.yaml in `c:\\Users\\DICT\\Documents\\ALAGA - prototype\\dataconnect`\n"}}
[debug] [2026-09-24T11:22:45.355Z] E0924 19:22:45.354532   20776 watch.go:116] watchAllDir unable to walk dir `c:\Users\DICT\Documents\ALAGA - prototype\dataconnect`: GetFileAttributesEx c:\Users\DICT\Documents\ALAGA - prototype\dataconnect: The system cannot find the file specified.
E0924 19:22:45.354651   20776 watch.go:40] Failed to load config from "c:\\Users\\DICT\\Documents\\ALAGA - prototype\\dataconnect": could not find dataconnect.yaml in `c:\Users\DICT\Documents\ALAGA - prototype\dataconnect`
 {"metadata":{"emulator":{"name":"dataconnect"},"message":"E0924 19:22:45.354532   20776 watch.go:116] watchAllDir unable to walk dir `c:\\Users\\DICT\\Documents\\ALAGA - prototype\\dataconnect`: GetFileAttributesEx c:\\Users\\DICT\\Documents\\ALAGA - prototype\\dataconnect: The system cannot find the file specified.\nE0924 19:22:45.354651   20776 watch.go:40] Failed to load config from \"c:\\\\Users\\\\DICT\\\\Documents\\\\ALAGA - prototype\\\\dataconnect\": could not find dataconnect.yaml in `c:\\Users\\DICT\\Documents\\ALAGA - prototype\\dataconnect`\n"}}
[debug] [2026-09-24T11:22:55.353Z] E0924 19:22:55.354006   20776 watch.go:40] Failed to load config from "c:\\Users\\DICT\\Documents\\ALAGA - prototype\\dataconnect": could not find dataconnect.yaml in `c:\Users\DICT\Documents\ALAGA - prototype\dataconnect`
 {"metadata":{"emulator":{"name":"dataconnect"},"message":"E0924 19:22:55.354006   20776 watch.go:40] Failed to load config from \"c:\\\\Users\\\\DICT\\\\Documents\\\\ALAGA - prototype\\\\dataconnect\": could not find dataconnect.yaml in `c:\\Users\\DICT\\Documents\\ALAGA - prototype\\dataconnect`\n"}}
[debug] [2026-09-24T11:23:05.354Z] E0924 19:23:05.354714   20776 watch.go:40] Failed to load config from "c:\\Users\\DICT\\Documents\\ALAGA - prototype\\dataconnect": could not find dataconnect.yaml in `c:\Users\DICT\Documents\ALAGA - prototype\dataconnect`
 {"metadata":{"emulator":{"name":"dataconnect"},"message":"E0924 19:23:05.354714   20776 watch.go:40] Failed to load config from \"c:\\\\Users\\\\DICT\\\\Documents\\\\ALAGA - prototype\\\\dataconnect\": could not find dataconnect.yaml in `c:\\Users\\DICT\\Documents\\ALAGA - prototype\\dataconnect`\n"}}
[debug] [2026-09-24T11:23:15.353Z] E0924 19:23:15.353952   20776 watch.go:40] Failed to load config from "c:\\Users\\DICT\\Documents\\ALAGA - prototype\\dataconnect": could not find dataconnect.yaml in `c:\Users\DICT\Documents\ALAGA - prototype\dataconnect`
 {"metadata":{"emulator":{"name":"dataconnect"},"message":"E0924 19:23:15.353952   20776 watch.go:40] Failed to load config from \"c:\\\\Users\\\\DICT\\\\Documents\\\\ALAGA - prototype\\\\dataconnect\": could not find dataconnect.yaml in `c:\\Users\\DICT\\Documents\\ALAGA - prototype\\dataconnect`\n"}}
[debug] [2026-09-24T11:23:25.354Z] E0924 19:23:25.354476   20776 watch.go:40] Failed to load config from "c:\\Users\\DICT\\Documents\\ALAGA - prototype\\dataconnect": could not find dataconnect.yaml in `c:\Users\DICT\Documents\ALAGA - prototype\dataconnect`
 {"metadata":{"emulator":{"name":"dataconnect"},"message":"E0924 19:23:25.354476   20776 watch.go:40] Failed to load config from \"c:\\\\Users\\\\DICT\\\\Documents\\\\ALAGA - prototype\\\\dataconnect\": could not find dataconnect.yaml in `c:\\Users\\DICT\\Documents\\ALAGA - prototype\\dataconnect`\n"}}
[debug] [2026-09-24T11:23:35.353Z] E0924 19:23:35.354420   20776 watch.go:40] Failed to load config from "c:\\Users\\DICT\\Documents\\ALAGA - prototype\\dataconnect": could not find dataconnect.yaml in `c:\Users\DICT\Documents\ALAGA - prototype\dataconnect`
 {"metadata":{"emulator":{"name":"dataconnect"},"message":"E0924 19:23:35.354420   20776 watch.go:40] Failed to load config from \"c:\\\\Users\\\\DICT\\\\Documents\\\\ALAGA - prototype\\\\dataconnect\": could not find dataconnect.yaml in `c:\\Users\\DICT\\Documents\\ALAGA - prototype\\dataconnect`\n"}}
[debug] [2026-09-24T11:23:45.354Z] E0924 19:23:45.354734   20776 watch.go:116] watchAllDir unable to walk dir `c:\Users\DICT\Documents\ALAGA - prototype\dataconnect`: GetFileAttributesEx c:\Users\DICT\Documents\ALAGA - prototype\dataconnect: The system cannot find the file specified.
E0924 19:23:45.354734   20776 watch.go:40] Failed to load config from "c:\\Users\\DICT\\Documents\\ALAGA - prototype\\dataconnect": could not find dataconnect.yaml in `c:\Users\DICT\Documents\ALAGA - prototype\dataconnect`
 {"metadata":{"emulator":{"name":"dataconnect"},"message":"E0924 19:23:45.354734   20776 watch.go:116] watchAllDir unable to walk dir `c:\\Users\\DICT\\Documents\\ALAGA - prototype\\dataconnect`: GetFileAttributesEx c:\\Users\\DICT\\Documents\\ALAGA - prototype\\dataconnect: The system cannot find the file specified.\nE0924 19:23:45.354734   20776 watch.go:40] Failed to load config from \"c:\\\\Users\\\\DICT\\\\Documents\\\\ALAGA - prototype\\\\dataconnect\": could not find dataconnect.yaml in `c:\\Users\\DICT\\Documents\\ALAGA - prototype\\dataconnect`\n"}}
[debug] [2026-09-24T11:23:55.353Z] E0924 19:23:55.354542   20776 watch.go:40] Failed to load config from "c:\\Users\\DICT\\Documents\\ALAGA - prototype\\dataconnect": could not find dataconnect.yaml in `c:\Users\DICT\Documents\ALAGA - prototype\dataconnect`
 {"metadata":{"emulator":{"name":"dataconnect"},"message":"E0924 19:23:55.354542   20776 watch.go:40] Failed to load config from \"c:\\\\Users\\\\DICT\\\\Documents\\\\ALAGA - prototype\\\\dataconnect\": could not find dataconnect.yaml in `c:\\Users\\DICT\\Documents\\ALAGA - prototype\\dataconnect`\n"}}
[debug] [2026-09-24T11:24:05.352Z] E0924 19:24:05.354445   20776 watch.go:40] Failed to load config from "c:\\Users\\DICT\\Documents\\ALAGA - prototype\\dataconnect": could not find dataconnect.yaml in `c:\Users\DICT\Documents\ALAGA - prototype\dataconnect`
 {"metadata":{"emulator":{"name":"dataconnect"},"message":"E0924 19:24:05.354445   20776 watch.go:40] Failed to load config from \"c:\\\\Users\\\\DICT\\\\Documents\\\\ALAGA - prototype\\\\dataconnect\": could not find dataconnect.yaml in `c:\\Users\\DICT\\Documents\\ALAGA - prototype\\dataconnect`\n"}}
[debug] [2026-09-24T11:24:15.352Z] E0924 19:24:15.354056   20776 watch.go:40] Failed to load config from "c:\\Users\\DICT\\Documents\\ALAGA - prototype\\dataconnect": could not find dataconnect.yaml in `c:\Users\DICT\Documents\ALAGA - prototype\dataconnect`
 {"metadata":{"emulator":{"name":"dataconnect"},"message":"E0924 19:24:15.354056   20776 watch.go:40] Failed to load config from \"c:\\\\Users\\\\DICT\\\\Documents\\\\ALAGA - prototype\\\\dataconnect\": could not find dataconnect.yaml in `c:\\Users\\DICT\\Documents\\ALAGA - prototype\\dataconnect`\n"}}
[debug] [2026-09-24T11:24:25.352Z] E0924 19:24:25.353801   20776 watch.go:40] Failed to load config from "c:\\Users\\DICT\\Documents\\ALAGA - prototype\\dataconnect": could not find dataconnect.yaml in `c:\Users\DICT\Documents\ALAGA - prototype\dataconnect`
 {"metadata":{"emulator":{"name":"dataconnect"},"message":"E0924 19:24:25.353801   20776 watch.go:40] Failed to load config from \"c:\\\\Users\\\\DICT\\\\Documents\\\\ALAGA - prototype\\\\dataconnect\": could not find dataconnect.yaml in `c:\\Users\\DICT\\Documents\\ALAGA - prototype\\dataconnect`\n"}}
[debug] [2026-09-24T11:24:35.352Z] E0924 19:24:35.353903   20776 watch.go:40] Failed to load config from "c:\\Users\\DICT\\Documents\\ALAGA - prototype\\dataconnect": could not find dataconnect.yaml in `c:\Users\DICT\Documents\ALAGA - prototype\dataconnect`
 {"metadata":{"emulator":{"name":"dataconnect"},"message":"E0924 19:24:35.353903   20776 watch.go:40] Failed to load config from \"c:\\\\Users\\\\DICT\\\\Documents\\\\ALAGA - prototype\\\\dataconnect\": could not find dataconnect.yaml in `c:\\Users\\DICT\\Documents\\ALAGA - prototype\\dataconnect`\n"}}
[debug] [2026-09-24T11:24:45.352Z] E0924 19:24:45.354401   20776 watch.go:116] watchAllDir unable to walk dir `c:\Users\DICT\Documents\ALAGA - prototype\dataconnect`: GetFileAttributesEx c:\Users\DICT\Documents\ALAGA - prototype\dataconnect: The system cannot find the file specified.
 {"metadata":{"emulator":{"name":"dataconnect"},"message":"E0924 19:24:45.354401   20776 watch.go:116] watchAllDir unable to walk dir `c:\\Users\\DICT\\Documents\\ALAGA - prototype\\dataconnect`: GetFileAttributesEx c:\\Users\\DICT\\Documents\\ALAGA - prototype\\dataconnect: The system cannot find the file specified.\n"}}
[debug] [2026-09-24T11:24:45.353Z] E0924 19:24:45.354401   20776 watch.go:40] Failed to load config from "c:\\Users\\DICT\\Documents\\ALAGA - prototype\\dataconnect": could not find dataconnect.yaml in `c:\Users\DICT\Documents\ALAGA - prototype\dataconnect`
 {"metadata":{"emulator":{"name":"dataconnect"},"message":"E0924 19:24:45.354401   20776 watch.go:40] Failed to load config from \"c:\\\\Users\\\\DICT\\\\Documents\\\\ALAGA - prototype\\\\dataconnect\": could not find dataconnect.yaml in `c:\\Users\\DICT\\Documents\\ALAGA - prototype\\dataconnect`\n"}}
[debug] [2026-09-24T11:24:55.354Z] E0924 19:24:55.354188   20776 watch.go:40] Failed to load config from "c:\\Users\\DICT\\Documents\\ALAGA - prototype\\dataconnect": could not find dataconnect.yaml in `c:\Users\DICT\Documents\ALAGA - prototype\dataconnect`
 {"metadata":{"emulator":{"name":"dataconnect"},"message":"E0924 19:24:55.354188   20776 watch.go:40] Failed to load config from \"c:\\\\Users\\\\DICT\\\\Documents\\\\ALAGA - prototype\\\\dataconnect\": could not find dataconnect.yaml in `c:\\Users\\DICT\\Documents\\ALAGA - prototype\\dataconnect`\n"}}
[debug] [2026-09-24T11:25:05.354Z] E0924 19:25:05.353929   20776 watch.go:40] Failed to load config from "c:\\Users\\DICT\\Documents\\ALAGA - prototype\\dataconnect": could not find dataconnect.yaml in `c:\Users\DICT\Documents\ALAGA - prototype\dataconnect`
 {"metadata":{"emulator":{"name":"dataconnect"},"message":"E0924 19:25:05.353929   20776 watch.go:40] Failed to load config from \"c:\\\\Users\\\\DICT\\\\Documents\\\\ALAGA - prototype\\\\dataconnect\": could not find dataconnect.yaml in `c:\\Users\\DICT\\Documents\\ALAGA - prototype\\dataconnect`\n"}}
[debug] [2026-09-24T11:25:15.354Z] E0924 19:25:15.354211   20776 watch.go:40] Failed to load config from "c:\\Users\\DICT\\Documents\\ALAGA - prototype\\dataconnect": could not find dataconnect.yaml in `c:\Users\DICT\Documents\ALAGA - prototype\dataconnect`
 {"metadata":{"emulator":{"name":"dataconnect"},"message":"E0924 19:25:15.354211   20776 watch.go:40] Failed to load config from \"c:\\\\Users\\\\DICT\\\\Documents\\\\ALAGA - prototype\\\\dataconnect\": could not find dataconnect.yaml in `c:\\Users\\DICT\\Documents\\ALAGA - prototype\\dataconnect`\n"}}
[debug] [2026-09-24T11:25:25.354Z] E0924 19:25:25.354193   20776 watch.go:40] Failed to load config from "c:\\Users\\DICT\\Documents\\ALAGA - prototype\\dataconnect": could not find dataconnect.yaml in `c:\Users\DICT\Documents\ALAGA - prototype\dataconnect`
 {"metadata":{"emulator":{"name":"dataconnect"},"message":"E0924 19:25:25.354193   20776 watch.go:40] Failed to load config from \"c:\\\\Users\\\\DICT\\\\Documents\\\\ALAGA - prototype\\\\dataconnect\": could not find dataconnect.yaml in `c:\\Users\\DICT\\Documents\\ALAGA - prototype\\dataconnect`\n"}}
[debug] [2026-09-24T11:25:35.354Z] E0924 19:25:35.353964   20776 watch.go:40] Failed to load config from "c:\\Users\\DICT\\Documents\\ALAGA - prototype\\dataconnect": could not find dataconnect.yaml in `c:\Users\DICT\Documents\ALAGA - prototype\dataconnect`
 {"metadata":{"emulator":{"name":"dataconnect"},"message":"E0924 19:25:35.353964   20776 watch.go:40] Failed to load config from \"c:\\\\Users\\\\DICT\\\\Documents\\\\ALAGA - prototype\\\\dataconnect\": could not find dataconnect.yaml in `c:\\Users\\DICT\\Documents\\ALAGA - prototype\\dataconnect`\n"}}
[debug] [2026-09-24T11:25:45.354Z] E0924 19:25:45.354223   20776 watch.go:116] watchAllDir unable to walk dir `c:\Users\DICT\Documents\ALAGA - prototype\dataconnect`: GetFileAttributesEx c:\Users\DICT\Documents\ALAGA - prototype\dataconnect: The system cannot find the file specified.
E0924 19:25:45.354276   20776 watch.go:40] Failed to load config from "c:\\Users\\DICT\\Documents\\ALAGA - prototype\\dataconnect": could not find dataconnect.yaml in `c:\Users\DICT\Documents\ALAGA - prototype\dataconnect`
 {"metadata":{"emulator":{"name":"dataconnect"},"message":"E0924 19:25:45.354223   20776 watch.go:116] watchAllDir unable to walk dir `c:\\Users\\DICT\\Documents\\ALAGA - prototype\\dataconnect`: GetFileAttributesEx c:\\Users\\DICT\\Documents\\ALAGA - prototype\\dataconnect: The system cannot find the file specified.\nE0924 19:25:45.354276   20776 watch.go:40] Failed to load config from \"c:\\\\Users\\\\DICT\\\\Documents\\\\ALAGA - prototype\\\\dataconnect\": could not find dataconnect.yaml in `c:\\Users\\DICT\\Documents\\ALAGA - prototype\\dataconnect`\n"}}
[debug] [2026-09-24T11:25:55.354Z] E0924 19:25:55.354108   20776 watch.go:40] Failed to load config from "c:\\Users\\DICT\\Documents\\ALAGA - prototype\\dataconnect": could not find dataconnect.yaml in `c:\Users\DICT\Documents\ALAGA - prototype\dataconnect`
 {"metadata":{"emulator":{"name":"dataconnect"},"message":"E0924 19:25:55.354108   20776 watch.go:40] Failed to load config from \"c:\\\\Users\\\\DICT\\\\Documents\\\\ALAGA - prototype\\\\dataconnect\": could not find dataconnect.yaml in `c:\\Users\\DICT\\Documents\\ALAGA - prototype\\dataconnect`\n"}}
[debug] [2026-09-24T11:26:05.354Z] E0924 19:26:05.354568   20776 watch.go:40] Failed to load config from "c:\\Users\\DICT\\Documents\\ALAGA - prototype\\dataconnect": could not find dataconnect.yaml in `c:\Users\DICT\Documents\ALAGA - prototype\dataconnect`
 {"metadata":{"emulator":{"name":"dataconnect"},"message":"E0924 19:26:05.354568   20776 watch.go:40] Failed to load config from \"c:\\\\Users\\\\DICT\\\\Documents\\\\ALAGA - prototype\\\\dataconnect\": could not find dataconnect.yaml in `c:\\Users\\DICT\\Documents\\ALAGA - prototype\\dataconnect`\n"}}
[debug] [2026-09-24T11:26:15.354Z] E0924 19:26:15.353979   20776 watch.go:40] Failed to load config from "c:\\Users\\DICT\\Documents\\ALAGA - prototype\\dataconnect": could not find dataconnect.yaml in `c:\Users\DICT\Documents\ALAGA - prototype\dataconnect`
 {"metadata":{"emulator":{"name":"dataconnect"},"message":"E0924 19:26:15.353979   20776 watch.go:40] Failed to load config from \"c:\\\\Users\\\\DICT\\\\Documents\\\\ALAGA - prototype\\\\dataconnect\": could not find dataconnect.yaml in `c:\\Users\\DICT\\Documents\\ALAGA - prototype\\dataconnect`\n"}}
[debug] [2026-09-24T11:26:25.354Z] E0924 19:26:25.354133   20776 watch.go:40] Failed to load config from "c:\\Users\\DICT\\Documents\\ALAGA - prototype\\dataconnect": could not find dataconnect.yaml in `c:\Users\DICT\Documents\ALAGA - prototype\dataconnect`
 {"metadata":{"emulator":{"name":"dataconnect"},"message":"E0924 19:26:25.354133   20776 watch.go:40] Failed to load config from \"c:\\\\Users\\\\DICT\\\\Documents\\\\ALAGA - prototype\\\\dataconnect\": could not find dataconnect.yaml in `c:\\Users\\DICT\\Documents\\ALAGA - prototype\\dataconnect`\n"}}
[debug] [2026-09-24T11:26:35.354Z] E0924 19:26:35.353903   20776 watch.go:40] Failed to load config from "c:\\Users\\DICT\\Documents\\ALAGA - prototype\\dataconnect": could not find dataconnect.yaml in `c:\Users\DICT\Documents\ALAGA - prototype\dataconnect`
 {"metadata":{"emulator":{"name":"dataconnect"},"message":"E0924 19:26:35.353903   20776 watch.go:40] Failed to load config from \"c:\\\\Users\\\\DICT\\\\Documents\\\\ALAGA - prototype\\\\dataconnect\": could not find dataconnect.yaml in `c:\\Users\\DICT\\Documents\\ALAGA - prototype\\dataconnect`\n"}}
[debug] [2026-09-24T11:26:45.354Z] E0924 19:26:45.354166   20776 watch.go:116] watchAllDir unable to walk dir `c:\Users\DICT\Documents\ALAGA - prototype\dataconnect`: GetFileAttributesEx c:\Users\DICT\Documents\ALAGA - prototype\dataconnect: The system cannot find the file specified.
 {"metadata":{"emulator":{"name":"dataconnect"},"message":"E0924 19:26:45.354166   20776 watch.go:116] watchAllDir unable to walk dir `c:\\Users\\DICT\\Documents\\ALAGA - prototype\\dataconnect`: GetFileAttributesEx c:\\Users\\DICT\\Documents\\ALAGA - prototype\\dataconnect: The system cannot find the file specified.\n"}}
[debug] [2026-09-24T11:26:45.354Z] E0924 19:26:45.354324   20776 watch.go:40] Failed to load config from "c:\\Users\\DICT\\Documents\\ALAGA - prototype\\dataconnect": could not find dataconnect.yaml in `c:\Users\DICT\Documents\ALAGA - prototype\dataconnect`
 {"metadata":{"emulator":{"name":"dataconnect"},"message":"E0924 19:26:45.354324   20776 watch.go:40] Failed to load config from \"c:\\\\Users\\\\DICT\\\\Documents\\\\ALAGA - prototype\\\\dataconnect\": could not find dataconnect.yaml in `c:\\Users\\DICT\\Documents\\ALAGA - prototype\\dataconnect`\n"}}
[debug] [2026-09-24T11:26:55.354Z] E0924 19:26:55.354292   20776 watch.go:40] Failed to load config from "c:\\Users\\DICT\\Documents\\ALAGA - prototype\\dataconnect": could not find dataconnect.yaml in `c:\Users\DICT\Documents\ALAGA - prototype\dataconnect`
 {"metadata":{"emulator":{"name":"dataconnect"},"message":"E0924 19:26:55.354292   20776 watch.go:40] Failed to load config from \"c:\\\\Users\\\\DICT\\\\Documents\\\\ALAGA - prototype\\\\dataconnect\": could not find dataconnect.yaml in `c:\\Users\\DICT\\Documents\\ALAGA - prototype\\dataconnect`\n"}}
[debug] [2026-09-24T11:27:05.354Z] E0924 19:27:05.354462   20776 watch.go:40] Failed to load config from "c:\\Users\\DICT\\Documents\\ALAGA - prototype\\dataconnect": could not find dataconnect.yaml in `c:\Users\DICT\Documents\ALAGA - prototype\dataconnect`
 {"metadata":{"emulator":{"name":"dataconnect"},"message":"E0924 19:27:05.354462   20776 watch.go:40] Failed to load config from \"c:\\\\Users\\\\DICT\\\\Documents\\\\ALAGA - prototype\\\\dataconnect\": could not find dataconnect.yaml in `c:\\Users\\DICT\\Documents\\ALAGA - prototype\\dataconnect`\n"}}
[debug] [2026-09-24T11:27:15.353Z] E0924 19:27:15.353697   20776 watch.go:40] Failed to load config from "c:\\Users\\DICT\\Documents\\ALAGA - prototype\\dataconnect": could not find dataconnect.yaml in `c:\Users\DICT\Documents\ALAGA - prototype\dataconnect`
 {"metadata":{"emulator":{"name":"dataconnect"},"message":"E0924 19:27:15.353697   20776 watch.go:40] Failed to load config from \"c:\\\\Users\\\\DICT\\\\Documents\\\\ALAGA - prototype\\\\dataconnect\": could not find dataconnect.yaml in `c:\\Users\\DICT\\Documents\\ALAGA - prototype\\dataconnect`\n"}}
[debug] [2026-09-24T11:27:25.356Z] E0924 19:27:25.356810   20776 watch.go:40] Failed to load config from "c:\\Users\\DICT\\Documents\\ALAGA - prototype\\dataconnect": could not find dataconnect.yaml in `c:\Users\DICT\Documents\ALAGA - prototype\dataconnect`
 {"metadata":{"emulator":{"name":"dataconnect"},"message":"E0924 19:27:25.356810   20776 watch.go:40] Failed to load config from \"c:\\\\Users\\\\DICT\\\\Documents\\\\ALAGA - prototype\\\\dataconnect\": could not find dataconnect.yaml in `c:\\Users\\DICT\\Documents\\ALAGA - prototype\\dataconnect`\n"}}
[debug] [2026-09-24T11:27:35.354Z] E0924 19:27:35.354458   20776 watch.go:40] Failed to load config from "c:\\Users\\DICT\\Documents\\ALAGA - prototype\\dataconnect": could not find dataconnect.yaml in `c:\Users\DICT\Documents\ALAGA - prototype\dataconnect`
 {"metadata":{"emulator":{"name":"dataconnect"},"message":"E0924 19:27:35.354458   20776 watch.go:40] Failed to load config from \"c:\\\\Users\\\\DICT\\\\Documents\\\\ALAGA - prototype\\\\dataconnect\": could not find dataconnect.yaml in `c:\\Users\\DICT\\Documents\\ALAGA - prototype\\dataconnect`\n"}}
[debug] [2026-09-24T11:27:45.354Z] E0924 19:27:45.354642   20776 watch.go:116] watchAllDir unable to walk dir `c:\Users\DICT\Documents\ALAGA - prototype\dataconnect`: GetFileAttributesEx c:\Users\DICT\Documents\ALAGA - prototype\dataconnect: The system cannot find the file specified.
E0924 19:27:45.354694   20776 watch.go:40] Failed to load config from "c:\\Users\\DICT\\Documents\\ALAGA - prototype\\dataconnect": could not find dataconnect.yaml in `c:\Users\DICT\Documents\ALAGA - prototype\dataconnect`
 {"metadata":{"emulator":{"name":"dataconnect"},"message":"E0924 19:27:45.354642   20776 watch.go:116] watchAllDir unable to walk dir `c:\\Users\\DICT\\Documents\\ALAGA - prototype\\dataconnect`: GetFileAttributesEx c:\\Users\\DICT\\Documents\\ALAGA - prototype\\dataconnect: The system cannot find the file specified.\nE0924 19:27:45.354694   20776 watch.go:40] Failed to load config from \"c:\\\\Users\\\\DICT\\\\Documents\\\\ALAGA - prototype\\\\dataconnect\": could not find dataconnect.yaml in `c:\\Users\\DICT\\Documents\\ALAGA - prototype\\dataconnect`\n"}}
[debug] [2026-09-24T11:27:55.354Z] E0924 19:27:55.354439   20776 watch.go:40] Failed to load config from "c:\\Users\\DICT\\Documents\\ALAGA - prototype\\dataconnect": could not find dataconnect.yaml in `c:\Users\DICT\Documents\ALAGA - prototype\dataconnect`
 {"metadata":{"emulator":{"name":"dataconnect"},"message":"E0924 19:27:55.354439   20776 watch.go:40] Failed to load config from \"c:\\\\Users\\\\DICT\\\\Documents\\\\ALAGA - prototype\\\\dataconnect\": could not find dataconnect.yaml in `c:\\Users\\DICT\\Documents\\ALAGA - prototype\\dataconnect`\n"}}
[debug] [2026-09-24T11:28:05.354Z] E0924 19:28:05.354115   20776 watch.go:40] Failed to load config from "c:\\Users\\DICT\\Documents\\ALAGA - prototype\\dataconnect": could not find dataconnect.yaml in `c:\Users\DICT\Documents\ALAGA - prototype\dataconnect`
 {"metadata":{"emulator":{"name":"dataconnect"},"message":"E0924 19:28:05.354115   20776 watch.go:40] Failed to load config from \"c:\\\\Users\\\\DICT\\\\Documents\\\\ALAGA - prototype\\\\dataconnect\": could not find dataconnect.yaml in `c:\\Users\\DICT\\Documents\\ALAGA - prototype\\dataconnect`\n"}}
[debug] [2026-09-24T11:28:15.354Z] E0924 19:28:15.354272   20776 watch.go:40] Failed to load config from "c:\\Users\\DICT\\Documents\\ALAGA - prototype\\dataconnect": could not find dataconnect.yaml in `c:\Users\DICT\Documents\ALAGA - prototype\dataconnect`
 {"metadata":{"emulator":{"name":"dataconnect"},"message":"E0924 19:28:15.354272   20776 watch.go:40] Failed to load config from \"c:\\\\Users\\\\DICT\\\\Documents\\\\ALAGA - prototype\\\\dataconnect\": could not find dataconnect.yaml in `c:\\Users\\DICT\\Documents\\ALAGA - prototype\\dataconnect`\n"}}
[debug] [2026-09-24T11:28:25.354Z] E0924 19:28:25.354254   20776 watch.go:40] Failed to load config from "c:\\Users\\DICT\\Documents\\ALAGA - prototype\\dataconnect": could not find dataconnect.yaml in `c:\Users\DICT\Documents\ALAGA - prototype\dataconnect`
 {"metadata":{"emulator":{"name":"dataconnect"},"message":"E0924 19:28:25.354254   20776 watch.go:40] Failed to load config from \"c:\\\\Users\\\\DICT\\\\Documents\\\\ALAGA - prototype\\\\dataconnect\": could not find dataconnect.yaml in `c:\\Users\\DICT\\Documents\\ALAGA - prototype\\dataconnect`\n"}}
[debug] [2026-09-24T11:28:35.354Z] E0924 19:28:35.354295   20776 watch.go:40] Failed to load config from "c:\\Users\\DICT\\Documents\\ALAGA - prototype\\dataconnect": could not find dataconnect.yaml in `c:\Users\DICT\Documents\ALAGA - prototype\dataconnect`
 {"metadata":{"emulator":{"name":"dataconnect"},"message":"E0924 19:28:35.354295   20776 watch.go:40] Failed to load config from \"c:\\\\Users\\\\DICT\\\\Documents\\\\ALAGA - prototype\\\\dataconnect\": could not find dataconnect.yaml in `c:\\Users\\DICT\\Documents\\ALAGA - prototype\\dataconnect`\n"}}
[debug] [2026-09-24T11:28:45.353Z] E0924 19:28:45.353822   20776 watch.go:116] watchAllDir unable to walk dir `c:\Users\DICT\Documents\ALAGA - prototype\dataconnect`: GetFileAttributesEx c:\Users\DICT\Documents\ALAGA - prototype\dataconnect: The system cannot find the file specified.
E0924 19:28:45.353822   20776 watch.go:40] Failed to load config from "c:\\Users\\DICT\\Documents\\ALAGA - prototype\\dataconnect": could not find dataconnect.yaml in `c:\Users\DICT\Documents\ALAGA - prototype\dataconnect`
 {"metadata":{"emulator":{"name":"dataconnect"},"message":"E0924 19:28:45.353822   20776 watch.go:116] watchAllDir unable to walk dir `c:\\Users\\DICT\\Documents\\ALAGA - prototype\\dataconnect`: GetFileAttributesEx c:\\Users\\DICT\\Documents\\ALAGA - prototype\\dataconnect: The system cannot find the file specified.\nE0924 19:28:45.353822   20776 watch.go:40] Failed to load config from \"c:\\\\Users\\\\DICT\\\\Documents\\\\ALAGA - prototype\\\\dataconnect\": could not find dataconnect.yaml in `c:\\Users\\DICT\\Documents\\ALAGA - prototype\\dataconnect`\n"}}
[debug] [2026-09-24T11:28:55.354Z] E0924 19:28:55.354266   20776 watch.go:40] Failed to load config from "c:\\Users\\DICT\\Documents\\ALAGA - prototype\\dataconnect": could not find dataconnect.yaml in `c:\Users\DICT\Documents\ALAGA - prototype\dataconnect`
 {"metadata":{"emulator":{"name":"dataconnect"},"message":"E0924 19:28:55.354266   20776 watch.go:40] Failed to load config from \"c:\\\\Users\\\\DICT\\\\Documents\\\\ALAGA - prototype\\\\dataconnect\": could not find dataconnect.yaml in `c:\\Users\\DICT\\Documents\\ALAGA - prototype\\dataconnect`\n"}}
[debug] [2026-09-24T11:29:05.354Z] E0924 19:29:05.353971   20776 watch.go:40] Failed to load config from "c:\\Users\\DICT\\Documents\\ALAGA - prototype\\dataconnect": could not find dataconnect.yaml in `c:\Users\DICT\Documents\ALAGA - prototype\dataconnect`
 {"metadata":{"emulator":{"name":"dataconnect"},"message":"E0924 19:29:05.353971   20776 watch.go:40] Failed to load config from \"c:\\\\Users\\\\DICT\\\\Documents\\\\ALAGA - prototype\\\\dataconnect\": could not find dataconnect.yaml in `c:\\Users\\DICT\\Documents\\ALAGA - prototype\\dataconnect`\n"}}
[debug] [2026-09-24T11:29:15.354Z] E0924 19:29:15.353986   20776 watch.go:40] Failed to load config from "c:\\Users\\DICT\\Documents\\ALAGA - prototype\\dataconnect": could not find dataconnect.yaml in `c:\Users\DICT\Documents\ALAGA - prototype\dataconnect`
 {"metadata":{"emulator":{"name":"dataconnect"},"message":"E0924 19:29:15.353986   20776 watch.go:40] Failed to load config from \"c:\\\\Users\\\\DICT\\\\Documents\\\\ALAGA - prototype\\\\dataconnect\": could not find dataconnect.yaml in `c:\\Users\\DICT\\Documents\\ALAGA - prototype\\dataconnect`\n"}}
[debug] [2026-09-24T11:29:25.354Z] E0924 19:29:25.354382   20776 watch.go:40] Failed to load config from "c:\\Users\\DICT\\Documents\\ALAGA - prototype\\dataconnect": could not find dataconnect.yaml in `c:\Users\DICT\Documents\ALAGA - prototype\dataconnect`
 {"metadata":{"emulator":{"name":"dataconnect"},"message":"E0924 19:29:25.354382   20776 watch.go:40] Failed to load config from \"c:\\\\Users\\\\DICT\\\\Documents\\\\ALAGA - prototype\\\\dataconnect\": could not find dataconnect.yaml in `c:\\Users\\DICT\\Documents\\ALAGA - prototype\\dataconnect`\n"}}
[debug] [2026-09-24T11:29:35.354Z] E0924 19:29:35.354045   20776 watch.go:40] Failed to load config from "c:\\Users\\DICT\\Documents\\ALAGA - prototype\\dataconnect": could not find dataconnect.yaml in `c:\Users\DICT\Documents\ALAGA - prototype\dataconnect`
 {"metadata":{"emulator":{"name":"dataconnect"},"message":"E0924 19:29:35.354045   20776 watch.go:40] Failed to load config from \"c:\\\\Users\\\\DICT\\\\Documents\\\\ALAGA - prototype\\\\dataconnect\": could not find dataconnect.yaml in `c:\\Users\\DICT\\Documents\\ALAGA - prototype\\dataconnect`\n"}}
[debug] [2026-09-24T11:29:45.354Z] E0924 19:29:45.353637   20776 watch.go:116] watchAllDir unable to walk dir `c:\Users\DICT\Documents\ALAGA - prototype\dataconnect`: GetFileAttributesEx c:\Users\DICT\Documents\ALAGA - prototype\dataconnect: The system cannot find the file specified.
E0924 19:29:45.354054   20776 watch.go:40] Failed to load config from "c:\\Users\\DICT\\Documents\\ALAGA - prototype\\dataconnect": could not find dataconnect.yaml in `c:\Users\DICT\Documents\ALAGA - prototype\dataconnect`
 {"metadata":{"emulator":{"name":"dataconnect"},"message":"E0924 19:29:45.353637   20776 watch.go:116] watchAllDir unable to walk dir `c:\\Users\\DICT\\Documents\\ALAGA - prototype\\dataconnect`: GetFileAttributesEx c:\\Users\\DICT\\Documents\\ALAGA - prototype\\dataconnect: The system cannot find the file specified.\nE0924 19:29:45.354054   20776 watch.go:40] Failed to load config from \"c:\\\\Users\\\\DICT\\\\Documents\\\\ALAGA - prototype\\\\dataconnect\": could not find dataconnect.yaml in `c:\\Users\\DICT\\Documents\\ALAGA - prototype\\dataconnect`\n"}}
[debug] [2026-09-24T11:29:55.354Z] E0924 19:29:55.354058   20776 watch.go:40] Failed to load config from "c:\\Users\\DICT\\Documents\\ALAGA - prototype\\dataconnect": could not find dataconnect.yaml in `c:\Users\DICT\Documents\ALAGA - prototype\dataconnect`
 {"metadata":{"emulator":{"name":"dataconnect"},"message":"E0924 19:29:55.354058   20776 watch.go:40] Failed to load config from \"c:\\\\Users\\\\DICT\\\\Documents\\\\ALAGA - prototype\\\\dataconnect\": could not find dataconnect.yaml in `c:\\Users\\DICT\\Documents\\ALAGA - prototype\\dataconnect`\n"}}
[debug] [2026-09-24T11:30:05.354Z] E0924 19:30:05.354366   20776 watch.go:40] Failed to load config from "c:\\Users\\DICT\\Documents\\ALAGA - prototype\\dataconnect": could not find dataconnect.yaml in `c:\Users\DICT\Documents\ALAGA - prototype\dataconnect`
 {"metadata":{"emulator":{"name":"dataconnect"},"message":"E0924 19:30:05.354366   20776 watch.go:40] Failed to load config from \"c:\\\\Users\\\\DICT\\\\Documents\\\\ALAGA - prototype\\\\dataconnect\": could not find dataconnect.yaml in `c:\\Users\\DICT\\Documents\\ALAGA - prototype\\dataconnect`\n"}}
[debug] [2026-09-24T11:30:15.354Z] E0924 19:30:15.354338   20776 watch.go:40] Failed to load config from "c:\\Users\\DICT\\Documents\\ALAGA - prototype\\dataconnect": could not find dataconnect.yaml in `c:\Users\DICT\Documents\ALAGA - prototype\dataconnect`
 {"metadata":{"emulator":{"name":"dataconnect"},"message":"E0924 19:30:15.354338   20776 watch.go:40] Failed to load config from \"c:\\\\Users\\\\DICT\\\\Documents\\\\ALAGA - prototype\\\\dataconnect\": could not find dataconnect.yaml in `c:\\Users\\DICT\\Documents\\ALAGA - prototype\\dataconnect`\n"}}
[debug] [2026-09-24T11:30:25.354Z] E0924 19:30:25.354268   20776 watch.go:40] Failed to load config from "c:\\Users\\DICT\\Documents\\ALAGA - prototype\\dataconnect": could not find dataconnect.yaml in `c:\Users\DICT\Documents\ALAGA - prototype\dataconnect`
 {"metadata":{"emulator":{"name":"dataconnect"},"message":"E0924 19:30:25.354268   20776 watch.go:40] Failed to load config from \"c:\\\\Users\\\\DICT\\\\Documents\\\\ALAGA - prototype\\\\dataconnect\": could not find dataconnect.yaml in `c:\\Users\\DICT\\Documents\\ALAGA - prototype\\dataconnect`\n"}}
[debug] [2026-09-24T11:30:35.354Z] E0924 19:30:35.353998   20776 watch.go:40] Failed to load config from "c:\\Users\\DICT\\Documents\\ALAGA - prototype\\dataconnect": could not find dataconnect.yaml in `c:\Users\DICT\Documents\ALAGA - prototype\dataconnect`
 {"metadata":{"emulator":{"name":"dataconnect"},"message":"E0924 19:30:35.353998   20776 watch.go:40] Failed to load config from \"c:\\\\Users\\\\DICT\\\\Documents\\\\ALAGA - prototype\\\\dataconnect\": could not find dataconnect.yaml in `c:\\Users\\DICT\\Documents\\ALAGA - prototype\\dataconnect`\n"}}
[debug] [2026-09-24T11:30:45.354Z] E0924 19:30:45.354253   20776 watch.go:116] watchAllDir unable to walk dir `c:\Users\DICT\Documents\ALAGA - prototype\dataconnect`: GetFileAttributesEx c:\Users\DICT\Documents\ALAGA - prototype\dataconnect: The system cannot find the file specified.
E0924 19:30:45.354409   20776 watch.go:40] Failed to load config from "c:\\Users\\DICT\\Documents\\ALAGA - prototype\\dataconnect": could not find dataconnect.yaml in `c:\Users\DICT\Documents\ALAGA - prototype\dataconnect`
 {"metadata":{"emulator":{"name":"dataconnect"},"message":"E0924 19:30:45.354253   20776 watch.go:116] watchAllDir unable to walk dir `c:\\Users\\DICT\\Documents\\ALAGA - prototype\\dataconnect`: GetFileAttributesEx c:\\Users\\DICT\\Documents\\ALAGA - prototype\\dataconnect: The system cannot find the file specified.\nE0924 19:30:45.354409   20776 watch.go:40] Failed to load config from \"c:\\\\Users\\\\DICT\\\\Documents\\\\ALAGA - prototype\\\\dataconnect\": could not find dataconnect.yaml in `c:\\Users\\DICT\\Documents\\ALAGA - prototype\\dataconnect`\n"}}
[debug] [2026-09-24T11:30:55.353Z] E0924 19:30:55.353683   20776 watch.go:40] Failed to load config from "c:\\Users\\DICT\\Documents\\ALAGA - prototype\\dataconnect": could not find dataconnect.yaml in `c:\Users\DICT\Documents\ALAGA - prototype\dataconnect`
 {"metadata":{"emulator":{"name":"dataconnect"},"message":"E0924 19:30:55.353683   20776 watch.go:40] Failed to load config from \"c:\\\\Users\\\\DICT\\\\Documents\\\\ALAGA - prototype\\\\dataconnect\": could not find dataconnect.yaml in `c:\\Users\\DICT\\Documents\\ALAGA - prototype\\dataconnect`\n"}}
[debug] [2026-09-24T11:31:05.353Z] E0924 19:31:05.354058   20776 watch.go:40] Failed to load config from "c:\\Users\\DICT\\Documents\\ALAGA - prototype\\dataconnect": could not find dataconnect.yaml in `c:\Users\DICT\Documents\ALAGA - prototype\dataconnect`
 {"metadata":{"emulator":{"name":"dataconnect"},"message":"E0924 19:31:05.354058   20776 watch.go:40] Failed to load config from \"c:\\\\Users\\\\DICT\\\\Documents\\\\ALAGA - prototype\\\\dataconnect\": could not find dataconnect.yaml in `c:\\Users\\DICT\\Documents\\ALAGA - prototype\\dataconnect`\n"}}
[debug] [2026-09-24T11:31:15.353Z] E0924 19:31:15.354076   20776 watch.go:40] Failed to load config from "c:\\Users\\DICT\\Documents\\ALAGA - prototype\\dataconnect": could not find dataconnect.yaml in `c:\Users\DICT\Documents\ALAGA - prototype\dataconnect`
 {"metadata":{"emulator":{"name":"dataconnect"},"message":"E0924 19:31:15.354076   20776 watch.go:40] Failed to load config from \"c:\\\\Users\\\\DICT\\\\Documents\\\\ALAGA - prototype\\\\dataconnect\": could not find dataconnect.yaml in `c:\\Users\\DICT\\Documents\\ALAGA - prototype\\dataconnect`\n"}}
[debug] [2026-09-24T11:31:25.354Z] E0924 19:31:25.354526   20776 watch.go:40] Failed to load config from "c:\\Users\\DICT\\Documents\\ALAGA - prototype\\dataconnect": could not find dataconnect.yaml in `c:\Users\DICT\Documents\ALAGA - prototype\dataconnect`
 {"metadata":{"emulator":{"name":"dataconnect"},"message":"E0924 19:31:25.354526   20776 watch.go:40] Failed to load config from \"c:\\\\Users\\\\DICT\\\\Documents\\\\ALAGA - prototype\\\\dataconnect\": could not find dataconnect.yaml in `c:\\Users\\DICT\\Documents\\ALAGA - prototype\\dataconnect`\n"}}
[debug] [2026-09-24T11:31:35.354Z] E0924 19:31:35.354376   20776 watch.go:40] Failed to load config from "c:\\Users\\DICT\\Documents\\ALAGA - prototype\\dataconnect": could not find dataconnect.yaml in `c:\Users\DICT\Documents\ALAGA - prototype\dataconnect`
 {"metadata":{"emulator":{"name":"dataconnect"},"message":"E0924 19:31:35.354376   20776 watch.go:40] Failed to load config from \"c:\\\\Users\\\\DICT\\\\Documents\\\\ALAGA - prototype\\\\dataconnect\": could not find dataconnect.yaml in `c:\\Users\\DICT\\Documents\\ALAGA - prototype\\dataconnect`\n"}}
[debug] [2026-09-24T11:31:45.353Z] E0924 19:31:45.354301   20776 watch.go:116] watchAllDir unable to walk dir `c:\Users\DICT\Documents\ALAGA - prototype\dataconnect`: GetFileAttributesEx c:\Users\DICT\Documents\ALAGA - prototype\dataconnect: The system cannot find the file specified.
 {"metadata":{"emulator":{"name":"dataconnect"},"message":"E0924 19:31:45.354301   20776 watch.go:116] watchAllDir unable to walk dir `c:\\Users\\DICT\\Documents\\ALAGA - prototype\\dataconnect`: GetFileAttributesEx c:\\Users\\DICT\\Documents\\ALAGA - prototype\\dataconnect: The system cannot find the file specified.\n"}}
[debug] [2026-09-24T11:31:45.354Z] E0924 19:31:45.354301   20776 watch.go:40] Failed to load config from "c:\\Users\\DICT\\Documents\\ALAGA - prototype\\dataconnect": could not find dataconnect.yaml in `c:\Users\DICT\Documents\ALAGA - prototype\dataconnect`
 {"metadata":{"emulator":{"name":"dataconnect"},"message":"E0924 19:31:45.354301   20776 watch.go:40] Failed to load config from \"c:\\\\Users\\\\DICT\\\\Documents\\\\ALAGA - prototype\\\\dataconnect\": could not find dataconnect.yaml in `c:\\Users\\DICT\\Documents\\ALAGA - prototype\\dataconnect`\n"}}
[debug] [2026-09-24T11:31:55.353Z] E0924 19:31:55.353902   20776 watch.go:40] Failed to load config from "c:\\Users\\DICT\\Documents\\ALAGA - prototype\\dataconnect": could not find dataconnect.yaml in `c:\Users\DICT\Documents\ALAGA - prototype\dataconnect`
 {"metadata":{"emulator":{"name":"dataconnect"},"message":"E0924 19:31:55.353902   20776 watch.go:40] Failed to load config from \"c:\\\\Users\\\\DICT\\\\Documents\\\\ALAGA - prototype\\\\dataconnect\": could not find dataconnect.yaml in `c:\\Users\\DICT\\Documents\\ALAGA - prototype\\dataconnect`\n"}}
[debug] [2026-09-24T11:32:05.353Z] E0924 19:32:05.353809   20776 watch.go:40] Failed to load config from "c:\\Users\\DICT\\Documents\\ALAGA - prototype\\dataconnect": could not find dataconnect.yaml in `c:\Users\DICT\Documents\ALAGA - prototype\dataconnect`
 {"metadata":{"emulator":{"name":"dataconnect"},"message":"E0924 19:32:05.353809   20776 watch.go:40] Failed to load config from \"c:\\\\Users\\\\DICT\\\\Documents\\\\ALAGA - prototype\\\\dataconnect\": could not find dataconnect.yaml in `c:\\Users\\DICT\\Documents\\ALAGA - prototype\\dataconnect`\n"}}
[debug] [2026-09-24T11:32:15.353Z] E0924 19:32:15.354054   20776 watch.go:40] Failed to load config from "c:\\Users\\DICT\\Documents\\ALAGA - prototype\\dataconnect": could not find dataconnect.yaml in `c:\Users\DICT\Documents\ALAGA - prototype\dataconnect`
 {"metadata":{"emulator":{"name":"dataconnect"},"message":"E0924 19:32:15.354054   20776 watch.go:40] Failed to load config from \"c:\\\\Users\\\\DICT\\\\Documents\\\\ALAGA - prototype\\\\dataconnect\": could not find dataconnect.yaml in `c:\\Users\\DICT\\Documents\\ALAGA - prototype\\dataconnect`\n"}}
[debug] [2026-09-24T11:32:25.354Z] E0924 19:32:25.354699   20776 watch.go:40] Failed to load config from "c:\\Users\\DICT\\Documents\\ALAGA - prototype\\dataconnect": could not find dataconnect.yaml in `c:\Users\DICT\Documents\ALAGA - prototype\dataconnect`
 {"metadata":{"emulator":{"name":"dataconnect"},"message":"E0924 19:32:25.354699   20776 watch.go:40] Failed to load config from \"c:\\\\Users\\\\DICT\\\\Documents\\\\ALAGA - prototype\\\\dataconnect\": could not find dataconnect.yaml in `c:\\Users\\DICT\\Documents\\ALAGA - prototype\\dataconnect`\n"}}
[debug] [2026-09-24T11:32:35.354Z] E0924 19:32:35.354281   20776 watch.go:40] Failed to load config from "c:\\Users\\DICT\\Documents\\ALAGA - prototype\\dataconnect": could not find dataconnect.yaml in `c:\Users\DICT\Documents\ALAGA - prototype\dataconnect`
 {"metadata":{"emulator":{"name":"dataconnect"},"message":"E0924 19:32:35.354281   20776 watch.go:40] Failed to load config from \"c:\\\\Users\\\\DICT\\\\Documents\\\\ALAGA - prototype\\\\dataconnect\": could not find dataconnect.yaml in `c:\\Users\\DICT\\Documents\\ALAGA - prototype\\dataconnect`\n"}}
[debug] [2026-09-24T11:32:45.355Z] E0924 19:32:45.353963   20776 watch.go:116] watchAllDir unable to walk dir `c:\Users\DICT\Documents\ALAGA - prototype\dataconnect`: GetFileAttributesEx c:\Users\DICT\Documents\ALAGA - prototype\dataconnect: The system cannot find the file specified.
 {"metadata":{"emulator":{"name":"dataconnect"},"message":"E0924 19:32:45.353963   20776 watch.go:116] watchAllDir unable to walk dir `c:\\Users\\DICT\\Documents\\ALAGA - prototype\\dataconnect`: GetFileAttributesEx c:\\Users\\DICT\\Documents\\ALAGA - prototype\\dataconnect: The system cannot find the file specified.\n"}}
[debug] [2026-09-24T11:32:45.356Z] E0924 19:32:45.356579   20776 watch.go:40] Failed to load config from "c:\\Users\\DICT\\Documents\\ALAGA - prototype\\dataconnect": could not find dataconnect.yaml in `c:\Users\DICT\Documents\ALAGA - prototype\dataconnect`
 {"metadata":{"emulator":{"name":"dataconnect"},"message":"E0924 19:32:45.356579   20776 watch.go:40] Failed to load config from \"c:\\\\Users\\\\DICT\\\\Documents\\\\ALAGA - prototype\\\\dataconnect\": could not find dataconnect.yaml in `c:\\Users\\DICT\\Documents\\ALAGA - prototype\\dataconnect`\n"}}
[debug] [2026-09-24T11:32:55.354Z] E0924 19:32:55.354238   20776 watch.go:40] Failed to load config from "c:\\Users\\DICT\\Documents\\ALAGA - prototype\\dataconnect": could not find dataconnect.yaml in `c:\Users\DICT\Documents\ALAGA - prototype\dataconnect`
 {"metadata":{"emulator":{"name":"dataconnect"},"message":"E0924 19:32:55.354238   20776 watch.go:40] Failed to load config from \"c:\\\\Users\\\\DICT\\\\Documents\\\\ALAGA - prototype\\\\dataconnect\": could not find dataconnect.yaml in `c:\\Users\\DICT\\Documents\\ALAGA - prototype\\dataconnect`\n"}}
[debug] [2026-09-24T11:33:05.354Z] E0924 19:33:05.354328   20776 watch.go:40] Failed to load config from "c:\\Users\\DICT\\Documents\\ALAGA - prototype\\dataconnect": could not find dataconnect.yaml in `c:\Users\DICT\Documents\ALAGA - prototype\dataconnect`
 {"metadata":{"emulator":{"name":"dataconnect"},"message":"E0924 19:33:05.354328   20776 watch.go:40] Failed to load config from \"c:\\\\Users\\\\DICT\\\\Documents\\\\ALAGA - prototype\\\\dataconnect\": could not find dataconnect.yaml in `c:\\Users\\DICT\\Documents\\ALAGA - prototype\\dataconnect`\n"}}
[debug] [2026-09-24T11:33:15.354Z] E0924 19:33:15.353690   20776 watch.go:40] Failed to load config from "c:\\Users\\DICT\\Documents\\ALAGA - prototype\\dataconnect": could not find dataconnect.yaml in `c:\Users\DICT\Documents\ALAGA - prototype\dataconnect`
 {"metadata":{"emulator":{"name":"dataconnect"},"message":"E0924 19:33:15.353690   20776 watch.go:40] Failed to load config from \"c:\\\\Users\\\\DICT\\\\Documents\\\\ALAGA - prototype\\\\dataconnect\": could not find dataconnect.yaml in `c:\\Users\\DICT\\Documents\\ALAGA - prototype\\dataconnect`\n"}}
[debug] [2026-09-24T11:33:25.354Z] E0924 19:33:25.354356   20776 watch.go:40] Failed to load config from "c:\\Users\\DICT\\Documents\\ALAGA - prototype\\dataconnect": could not find dataconnect.yaml in `c:\Users\DICT\Documents\ALAGA - prototype\dataconnect`
 {"metadata":{"emulator":{"name":"dataconnect"},"message":"E0924 19:33:25.354356   20776 watch.go:40] Failed to load config from \"c:\\\\Users\\\\DICT\\\\Documents\\\\ALAGA - prototype\\\\dataconnect\": could not find dataconnect.yaml in `c:\\Users\\DICT\\Documents\\ALAGA - prototype\\dataconnect`\n"}}
[debug] [2026-09-24T11:33:35.354Z] E0924 19:33:35.354195   20776 watch.go:40] Failed to load config from "c:\\Users\\DICT\\Documents\\ALAGA - prototype\\dataconnect": could not find dataconnect.yaml in `c:\Users\DICT\Documents\ALAGA - prototype\dataconnect`
 {"metadata":{"emulator":{"name":"dataconnect"},"message":"E0924 19:33:35.354195   20776 watch.go:40] Failed to load config from \"c:\\\\Users\\\\DICT\\\\Documents\\\\ALAGA - prototype\\\\dataconnect\": could not find dataconnect.yaml in `c:\\Users\\DICT\\Documents\\ALAGA - prototype\\dataconnect`\n"}}
